// Jest Snapshot v1, https://goo.gl/fbAQLP

exports[`Component should show text 'Hello World' with className demo 1`] = `
<div
  className="demo"
>
  Hello 
  World
</div>
`;
